2026-07-20T08:00:01+09:00 systemd[1] INFO Starting PostgreSQL database server...
2026-07-20T08:00:02+09:00 postgres[510] INFO database system is starting up
2026-07-20T08:00:04+09:00 postgres[510] INFO database system is ready to accept connections
2026-07-20T08:00:04+09:00 systemd[1] INFO Started PostgreSQL database server.
2026-07-20T08:00:05+09:00 systemd[1] INFO Starting Example API service...
2026-07-20T08:00:06+09:00 api[620] INFO configuration loaded environment=production
2026-07-20T08:00:07+09:00 api[620] INFO listening address=127.0.0.1 port=8080
2026-07-20T08:00:07+09:00 systemd[1] INFO Started Example API service.
2026-07-20T08:00:09+09:00 systemd[1] INFO Starting nginx web server...
2026-07-20T08:00:10+09:00 nginx[701] INFO worker process started pid=702
2026-07-20T08:00:10+09:00 systemd[1] INFO Started nginx web server.
2026-07-20T08:01:03+09:00 nginx[702] INFO request client=198.51.100.10 path=/health status=200 upstream_ms=8
2026-07-20T08:01:18+09:00 api[620] INFO request_completed request_id=req-3001 path=/health status=200 duration_ms=6
2026-07-20T08:02:02+09:00 nginx[702] INFO request client=203.0.113.20 path=/products status=200 upstream_ms=74
2026-07-20T08:02:03+09:00 api[620] INFO request_completed request_id=req-3002 path=/products status=200 duration_ms=69
2026-07-20T08:03:11+09:00 postgres[510] WARN checkpoint delayed elapsed_ms=820
2026-07-20T08:03:19+09:00 api[620] WARN slow_query query=product_search duration_ms=910
2026-07-20T08:03:21+09:00 nginx[702] WARN upstream_response path=/products status=200 upstream_ms=935
2026-07-20T08:04:01+09:00 postgres[510] ERROR could not write file error=NO_SPACE_LEFT
2026-07-20T08:04:03+09:00 api[620] ERROR database_write_failed request_id=req-3003 error=NO_SPACE_LEFT status=500
2026-07-20T08:04:04+09:00 nginx[702] ERROR upstream_response path=/checkout status=500 upstream_ms=120
2026-07-20T08:04:06+09:00 postgres[510] ERROR database system is shutting down
2026-07-20T08:04:06+09:00 systemd[1] WARN postgres.service entered failed state
2026-07-20T08:04:09+09:00 api[620] ERROR database_unavailable request_id=req-3004 error=CONNECTION_REFUSED status=503
2026-07-20T08:04:10+09:00 nginx[702] ERROR upstream_response path=/orders status=503 upstream_ms=3
2026-07-20T08:04:15+09:00 systemd[1] INFO Starting PostgreSQL database server...
2026-07-20T08:04:17+09:00 postgres[845] INFO database system is starting up
2026-07-20T08:04:20+09:00 postgres[845] INFO database system is ready to accept connections
2026-07-20T08:04:20+09:00 systemd[1] INFO Started PostgreSQL database server.
2026-07-20T08:04:24+09:00 api[620] INFO database_connection_recovered
2026-07-20T08:04:31+09:00 nginx[702] INFO request client=203.0.113.21 path=/health status=200 upstream_ms=9
2026-07-20T08:04:32+09:00 api[620] INFO request_completed request_id=req-3005 path=/health status=200 duration_ms=7
